/Users/erenegdemir/Desktop/Calismalar/Stm/oven_prototype/Core/Inc/UserLibraries/pi_control.h:40:20:PI_Control_SetFilter	16	static
/Users/erenegdemir/Desktop/Calismalar/Stm/oven_prototype/Core/Inc/UserLibraries/pi_control.h:43:20:PI_Control_SetSlew	16	static
/Users/erenegdemir/Desktop/Calismalar/Stm/oven_prototype/Core/Inc/UserLibraries/Cooking_Handler.h:71:21:temp_drift	24	static
/Users/erenegdemir/Desktop/Calismalar/Stm/oven_prototype/Core/Inc/UserLibraries/Cooking_Handler.h:113:20:check_error	24	static
../Core/Src/UserLibraries/Cooking_Handler.c:65:6:Cooking_Init	8	static
../Core/Src/UserLibraries/Cooking_Handler.c:85:6:update_DutyCycle	16	static
../Core/Src/UserLibraries/Cooking_Handler.c:93:6:Cooking_Handler	56	static
