/Users/erenegdemir/Desktop/Calismalar/Stm/oven_prototype/Core/Inc/UserLibraries/Encoder_Handler.h:98:20:display_goto	16	static
/Users/erenegdemir/Desktop/Calismalar/Stm/oven_prototype/Core/Inc/UserLibraries/Encoder_Handler.h:131:20:display_set	24	static
/Users/erenegdemir/Desktop/Calismalar/Stm/oven_prototype/Core/Inc/UserLibraries/Encoder_Handler.h:171:20:set_value	24	static
../Core/Src/UserLibraries/Encoder_Handler.c:50:6:Encoder_Init	8	static
../Core/Src/UserLibraries/Encoder_Handler.c:58:6:button_handler_encoder1	16	static
../Core/Src/UserLibraries/Encoder_Handler.c:696:6:button_handler_encoder2	16	static
../Core/Src/UserLibraries/Encoder_Handler.c:772:6:button_handler_encoder3	24	static
../Core/Src/UserLibraries/Encoder_Handler.c:793:6:tick_handler_encoder1	16	static
../Core/Src/UserLibraries/Encoder_Handler.c:959:6:tick_handler_encoder2	16	static
../Core/Src/UserLibraries/Encoder_Handler.c:989:6:tick_handler_encoder3	16	static
