../Core/Src/main.c:120:6:HAL_TIM_IC_CaptureCallback	16	static
../Core/Src/main.c:150:6:HAL_SPI_RxCpltCallback	24	static
../Core/Src/main.c:221:5:main	8	static
../Core/Src/main.c:303:6:SystemClock_Config	88	static
../Core/Src/main.c:350:13:MX_I2C1_Init	8	static
../Core/Src/main.c:384:13:MX_SPI1_Init	8	static
../Core/Src/main.c:422:13:MX_TIM1_Init	80	static
../Core/Src/main.c:486:13:MX_TIM2_Init	56	static
../Core/Src/main.c:535:13:MX_TIM3_Init	56	static
../Core/Src/main.c:584:13:MX_TIM4_Init	56	static
../Core/Src/main.c:633:13:MX_TIM5_Init	56	static
../Core/Src/main.c:682:13:MX_TIM9_Init	40	static
../Core/Src/main.c:722:13:MX_DMA_Init	16	static
../Core/Src/main.c:743:13:MX_GPIO_Init	48	static
../Core/Src/main.c:800:6:set_value	24	static
../Core/Src/main.c:825:6:Error_Handler	4	static,ignoring_inline_asm
