../Core/Src/main.c:100:6:HAL_TIM_IC_CaptureCallback	16	static
../Core/Src/main.c:129:6:HAL_SPI_RxCpltCallback	24	static
../Core/Src/main.c:200:5:main	8	static
../Core/Src/main.c:275:6:SystemClock_Config	88	static
../Core/Src/main.c:322:13:MX_I2C1_Init	8	static
../Core/Src/main.c:356:13:MX_SPI1_Init	8	static
../Core/Src/main.c:394:13:MX_TIM1_Init	80	static
../Core/Src/main.c:458:13:MX_TIM2_Init	56	static
../Core/Src/main.c:507:13:MX_TIM3_Init	56	static
../Core/Src/main.c:556:13:MX_TIM4_Init	56	static
../Core/Src/main.c:605:13:MX_TIM5_Init	56	static
../Core/Src/main.c:654:13:MX_TIM9_Init	40	static
../Core/Src/main.c:694:13:MX_DMA_Init	16	static
../Core/Src/main.c:712:13:MX_GPIO_Init	48	static
../Core/Src/main.c:774:6:Error_Handler	4	static,ignoring_inline_asm
