../Core/Inc/pi_control.h:40:20:PI_Control_SetFilter	16	static
../Core/Inc/pi_control.h:43:20:PI_Control_SetSlew	16	static
../Core/Src/main.c:280:6:HAL_TIM_PeriodElapsedCallback	16	static
../Core/Src/main.c:855:6:HAL_GPIO_EXTI_Callback	16	static,ignoring_inline_asm
../Core/Src/main.c:877:6:HAL_TIM_IC_CaptureCallback	16	static
../Core/Src/main.c:1043:6:HAL_SPI_RxCpltCallback	24	static
../Core/Src/main.c:1114:9:u8x8_gpio_and_delay	24	static
../Core/Src/main.c:1134:9:u8x8_spi	24	static
../Core/Src/main.c:1163:5:main	48	static
../Core/Src/main.c:1613:6:SystemClock_Config	88	static
../Core/Src/main.c:1660:13:MX_I2C1_Init	8	static
../Core/Src/main.c:1694:13:MX_SPI1_Init	8	static
../Core/Src/main.c:1732:13:MX_SPI2_Init	8	static
../Core/Src/main.c:1770:13:MX_TIM1_Init	32	static
../Core/Src/main.c:1816:13:MX_TIM2_Init	56	static
../Core/Src/main.c:1865:13:MX_TIM3_Init	56	static
../Core/Src/main.c:1914:13:MX_TIM4_Init	56	static
../Core/Src/main.c:1963:13:MX_TIM5_Init	32	static
../Core/Src/main.c:2008:13:MX_TIM9_Init	40	static
../Core/Src/main.c:2048:13:MX_DMA_Init	16	static
../Core/Src/main.c:2069:13:MX_GPIO_Init	48	static
../Core/Src/main.c:2146:6:set_value	24	static
../Core/Src/main.c:2275:6:Error_Handler	4	static,ignoring_inline_asm
