/Users/erenegdemir/Desktop/Calismalar/Stm/oven_prototype/Core/Inc/UserLibraries/pi_control.h:40:20:PI_Control_SetFilter	16	static
/Users/erenegdemir/Desktop/Calismalar/Stm/oven_prototype/Core/Inc/UserLibraries/pi_control.h:43:20:PI_Control_SetSlew	16	static
../Core/Src/main.c:328:6:HAL_TIM_PeriodElapsedCallback	16	static
../Core/Src/main.c:1200:6:HAL_GPIO_EXTI_Callback	16	static,ignoring_inline_asm
../Core/Src/main.c:1232:6:HAL_TIM_IC_CaptureCallback	16	static
../Core/Src/main.c:1462:6:HAL_SPI_RxCpltCallback	24	static
../Core/Src/main.c:1534:9:u8x8_gpio_and_delay	24	static
../Core/Src/main.c:1554:9:u8x8_spi	24	static
../Core/Src/main.c:1583:5:main	48	static
../Core/Src/main.c:2285:6:SystemClock_Config	88	static
../Core/Src/main.c:2331:13:MX_I2C1_Init	8	static
../Core/Src/main.c:2365:13:MX_SPI1_Init	8	static
../Core/Src/main.c:2403:13:MX_SPI2_Init	8	static
../Core/Src/main.c:2441:13:MX_TIM1_Init	32	static
../Core/Src/main.c:2487:13:MX_TIM2_Init	56	static
../Core/Src/main.c:2536:13:MX_TIM3_Init	56	static
../Core/Src/main.c:2585:13:MX_TIM4_Init	56	static
../Core/Src/main.c:2634:13:MX_TIM5_Init	64	static
../Core/Src/main.c:2701:13:MX_TIM9_Init	24	static
../Core/Src/main.c:2737:13:MX_DMA_Init	16	static
../Core/Src/main.c:2762:13:MX_GPIO_Init	48	static
../Core/Src/main.c:2831:6:set_value	24	static
../Core/Src/main.c:2960:6:Error_Handler	4	static,ignoring_inline_asm
