../Core/Src/main.c:241:6:HAL_TIM_PeriodElapsedCallback	16	static
../Core/Src/main.c:296:6:HAL_GPIO_EXTI_Callback	16	static
../Core/Src/main.c:848:6:HAL_TIM_IC_CaptureCallback	16	static
../Core/Src/main.c:1014:6:HAL_SPI_RxCpltCallback	24	static
../Core/Src/main.c:1082:9:u8x8_gpio_and_delay	24	static
../Core/Src/main.c:1102:9:u8x8_spi	24	static
../Core/Src/main.c:1131:5:main	24	static
../Core/Src/main.c:1372:6:SystemClock_Config	88	static
../Core/Src/main.c:1419:13:MX_I2C1_Init	8	static
../Core/Src/main.c:1453:13:MX_SPI1_Init	8	static
../Core/Src/main.c:1491:13:MX_SPI2_Init	8	static
../Core/Src/main.c:1529:13:MX_TIM1_Init	32	static
../Core/Src/main.c:1575:13:MX_TIM2_Init	56	static
../Core/Src/main.c:1624:13:MX_TIM3_Init	56	static
../Core/Src/main.c:1673:13:MX_TIM4_Init	56	static
../Core/Src/main.c:1720:13:MX_DMA_Init	16	static
../Core/Src/main.c:1741:13:MX_GPIO_Init	48	static
../Core/Src/main.c:1800:6:set_value	24	static
../Core/Src/main.c:1929:6:Error_Handler	4	static,ignoring_inline_asm
