../Core/Src/main.c:128:5:main	72	static
../Core/Src/main.c:237:6:SystemClock_Config	88	static
../Core/Src/main.c:283:13:MX_I2C1_Init	8	static
../Core/Src/main.c:317:13:MX_SPI1_Init	8	static
../Core/Src/main.c:355:13:MX_SPI2_Init	8	static
../Core/Src/main.c:393:13:MX_TIM1_Init	32	static
../Core/Src/main.c:439:13:MX_TIM2_Init	56	static
../Core/Src/main.c:488:13:MX_TIM3_Init	56	static
../Core/Src/main.c:537:13:MX_TIM4_Init	56	static
../Core/Src/main.c:586:13:MX_TIM5_Init	64	static
../Core/Src/main.c:653:13:MX_TIM9_Init	24	static
../Core/Src/main.c:689:13:MX_DMA_Init	16	static
../Core/Src/main.c:714:13:MX_GPIO_Init	48	static
../Core/Src/main.c:791:6:Error_Handler	4	static,ignoring_inline_asm
