../Core/Src/main.c:124:6:HAL_GPIO_EXTI_Callback	24	static
../Core/Src/main.c:136:6:HAL_TIM_IC_CaptureCallback	16	static
../Core/Src/main.c:173:6:HAL_SPI_RxCpltCallback	24	static
../Core/Src/main.c:240:9:u8x8_gpio_and_delay	24	static
../Core/Src/main.c:260:9:u8x8_spi	24	static
../Core/Src/main.c:289:5:main	8	static
../Core/Src/main.c:388:6:SystemClock_Config	88	static
../Core/Src/main.c:435:13:MX_I2C1_Init	8	static
../Core/Src/main.c:469:13:MX_SPI1_Init	8	static
../Core/Src/main.c:507:13:MX_SPI2_Init	8	static
../Core/Src/main.c:545:13:MX_TIM1_Init	80	static
../Core/Src/main.c:609:13:MX_TIM2_Init	56	static
../Core/Src/main.c:658:13:MX_TIM3_Init	56	static
../Core/Src/main.c:707:13:MX_TIM4_Init	56	static
../Core/Src/main.c:756:13:MX_TIM9_Init	40	static
../Core/Src/main.c:796:13:MX_DMA_Init	16	static
../Core/Src/main.c:817:13:MX_GPIO_Init	48	static
../Core/Src/main.c:876:6:set_value	24	static
../Core/Src/main.c:902:6:Error_Handler	4	static,ignoring_inline_asm
