../Core/Src/main.c:242:6:HAL_TIM_PeriodElapsedCallback	16	static
../Core/Src/main.c:297:6:HAL_GPIO_EXTI_Callback	16	static
../Core/Src/main.c:855:6:HAL_TIM_IC_CaptureCallback	16	static
../Core/Src/main.c:1021:6:HAL_SPI_RxCpltCallback	24	static
../Core/Src/main.c:1089:9:u8x8_gpio_and_delay	24	static
../Core/Src/main.c:1109:9:u8x8_spi	24	static
../Core/Src/main.c:1138:5:main	32	static
../Core/Src/main.c:1368:6:SystemClock_Config	88	static
../Core/Src/main.c:1415:13:MX_I2C1_Init	8	static
../Core/Src/main.c:1449:13:MX_SPI1_Init	8	static
../Core/Src/main.c:1487:13:MX_SPI2_Init	8	static
../Core/Src/main.c:1525:13:MX_TIM1_Init	32	static
../Core/Src/main.c:1571:13:MX_TIM2_Init	56	static
../Core/Src/main.c:1620:13:MX_TIM3_Init	56	static
../Core/Src/main.c:1669:13:MX_TIM4_Init	56	static
../Core/Src/main.c:1716:13:MX_DMA_Init	16	static
../Core/Src/main.c:1737:13:MX_GPIO_Init	48	static
../Core/Src/main.c:1796:6:set_value	24	static
../Core/Src/main.c:1925:6:Error_Handler	4	static,ignoring_inline_asm
