../Core/Src/main.c:125:6:HAL_GPIO_EXTI_Callback	16	static
../Core/Src/main.c:137:6:HAL_TIM_IC_CaptureCallback	16	static
../Core/Src/main.c:174:6:HAL_SPI_RxCpltCallback	24	static
../Core/Src/main.c:241:9:u8x8_gpio_and_delay	24	static
../Core/Src/main.c:261:9:u8x8_spi	24	static
../Core/Src/main.c:301:5:main	8	static
../Core/Src/main.c:422:6:SystemClock_Config	88	static
../Core/Src/main.c:469:13:MX_I2C1_Init	8	static
../Core/Src/main.c:503:13:MX_SPI1_Init	8	static
../Core/Src/main.c:541:13:MX_SPI2_Init	8	static
../Core/Src/main.c:579:13:MX_TIM1_Init	80	static
../Core/Src/main.c:643:13:MX_TIM2_Init	56	static
../Core/Src/main.c:692:13:MX_TIM3_Init	56	static
../Core/Src/main.c:741:13:MX_TIM4_Init	56	static
../Core/Src/main.c:790:13:MX_TIM9_Init	40	static
../Core/Src/main.c:830:13:MX_DMA_Init	16	static
../Core/Src/main.c:851:13:MX_GPIO_Init	48	static
../Core/Src/main.c:910:6:set_value	24	static
../Core/Src/main.c:936:6:Error_Handler	4	static,ignoring_inline_asm
