../Core/Inc/pi_control.h:40:20:PI_Control_SetFilter	16	static
../Core/Inc/pi_control.h:43:20:PI_Control_SetSlew	16	static
../Core/Src/main.c:282:6:HAL_TIM_PeriodElapsedCallback	16	static
../Core/Src/main.c:863:6:HAL_GPIO_EXTI_Callback	16	static,ignoring_inline_asm
../Core/Src/main.c:885:6:HAL_TIM_IC_CaptureCallback	16	static
../Core/Src/main.c:1051:6:HAL_SPI_RxCpltCallback	24	static
../Core/Src/main.c:1122:9:u8x8_gpio_and_delay	24	static
../Core/Src/main.c:1142:9:u8x8_spi	24	static
../Core/Src/main.c:1171:5:main	48	static
../Core/Src/main.c:1709:6:SystemClock_Config	88	static
../Core/Src/main.c:1756:13:MX_I2C1_Init	8	static
../Core/Src/main.c:1790:13:MX_SPI1_Init	8	static
../Core/Src/main.c:1828:13:MX_SPI2_Init	8	static
../Core/Src/main.c:1866:13:MX_TIM1_Init	32	static
../Core/Src/main.c:1912:13:MX_TIM2_Init	56	static
../Core/Src/main.c:1961:13:MX_TIM3_Init	56	static
../Core/Src/main.c:2010:13:MX_TIM4_Init	56	static
../Core/Src/main.c:2059:13:MX_TIM5_Init	32	static
../Core/Src/main.c:2104:13:MX_TIM9_Init	40	static
../Core/Src/main.c:2144:13:MX_DMA_Init	16	static
../Core/Src/main.c:2165:13:MX_GPIO_Init	48	static
../Core/Src/main.c:2242:6:set_value	24	static
../Core/Src/main.c:2371:6:Error_Handler	4	static,ignoring_inline_asm
