../Core/Inc/pi_control.h:40:20:PI_Control_SetFilter	16	static
../Core/Inc/pi_control.h:43:20:PI_Control_SetSlew	16	static
../Core/Src/main.c:282:6:HAL_TIM_PeriodElapsedCallback	16	static
../Core/Src/main.c:861:6:HAL_GPIO_EXTI_Callback	16	static,ignoring_inline_asm
../Core/Src/main.c:883:6:HAL_TIM_IC_CaptureCallback	16	static
../Core/Src/main.c:1049:6:HAL_SPI_RxCpltCallback	24	static
../Core/Src/main.c:1120:9:u8x8_gpio_and_delay	24	static
../Core/Src/main.c:1140:9:u8x8_spi	24	static
../Core/Src/main.c:1169:5:main	48	static
../Core/Src/main.c:1705:6:SystemClock_Config	88	static
../Core/Src/main.c:1752:13:MX_I2C1_Init	8	static
../Core/Src/main.c:1786:13:MX_SPI1_Init	8	static
../Core/Src/main.c:1824:13:MX_SPI2_Init	8	static
../Core/Src/main.c:1862:13:MX_TIM1_Init	32	static
../Core/Src/main.c:1908:13:MX_TIM2_Init	56	static
../Core/Src/main.c:1957:13:MX_TIM3_Init	56	static
../Core/Src/main.c:2006:13:MX_TIM4_Init	56	static
../Core/Src/main.c:2055:13:MX_TIM5_Init	32	static
../Core/Src/main.c:2100:13:MX_TIM9_Init	40	static
../Core/Src/main.c:2140:13:MX_DMA_Init	16	static
../Core/Src/main.c:2161:13:MX_GPIO_Init	48	static
../Core/Src/main.c:2238:6:set_value	24	static
../Core/Src/main.c:2367:6:Error_Handler	4	static,ignoring_inline_asm
