../Core/Src/menu.c:40:6:menu_send_logo	24	static
../Core/Src/menu.c:46:6:menu_GenerateCookingProcess	80	static
../Core/Src/menu.c:300:6:menu_send_int_1	56	static
../Core/Src/menu.c:312:6:menu_send_int_2	56	static
../Core/Src/menu.c:324:6:menu_send_int_3	56	static
../Core/Src/menu.c:336:6:menu_send_int_4	56	static
../Core/Src/menu.c:349:6:menu_send_time	64	static
../Core/Src/menu.c:360:6:menu_send_date	64	static
../Core/Src/menu.c:372:6:menu_settings_run	24	static
../Core/Src/menu.c:441:6:menu_settings_TimeDate_run	24	static
../Core/Src/menu.c:532:6:menu_settings_TimeDateHour_run	24	static
../Core/Src/menu.c:553:6:menu_settings_TimeDateMin_run	24	static
../Core/Src/menu.c:571:6:menu_settings_TimeDateDay_run	24	static
../Core/Src/menu.c:593:6:menu_settings_TimeDateMonth_run	24	static
../Core/Src/menu.c:615:6:menu_settings_TimeDateYear_run	24	static
../Core/Src/menu.c:639:6:menu_programs_run	24	static
../Core/Src/menu.c:717:6:menu_prg_AdvTempCtrl_run	24	static
../Core/Src/menu.c:1096:6:menu_prg_AdvTempCtrl_STG1_run	24	static
../Core/Src/menu.c:1294:6:menu_prg_AdvTempCtrl_STG1_SetTemp_run	24	static
../Core/Src/menu.c:1341:6:menu_prg_AdvTempCtrl_STG1_SetDur_run	24	static
../Core/Src/menu.c:1391:6:menu_prg_AdvTempCtrl_STG1_SetReset_run	24	static
../Core/Src/menu.c:1488:6:menu_prg_AdvTempCtrl_STG2_run	24	static
../Core/Src/menu.c:1689:6:menu_prg_AdvTempCtrl_STG2_SetTemp_run	24	static
../Core/Src/menu.c:1736:6:menu_prg_AdvTempCtrl_STG2_SetDur_run	24	static
../Core/Src/menu.c:1786:6:menu_prg_AdvTempCtrl_STG2_SetReset_run	24	static
../Core/Src/menu.c:1883:6:menu_prg_AdvTempCtrl_STG3_run	24	static
../Core/Src/menu.c:2084:6:menu_prg_AdvTempCtrl_STG3_SetTemp_run	24	static
../Core/Src/menu.c:2131:6:menu_prg_AdvTempCtrl_STG3_SetDur_run	24	static
../Core/Src/menu.c:2181:6:menu_prg_AdvTempCtrl_STG3_SetReset_run	24	static
../Core/Src/menu.c:2278:6:menu_prg_AdvTempCtrl_STG4_run	24	static
../Core/Src/menu.c:2479:6:menu_prg_AdvTempCtrl_STG4_SetTemp_run	24	static
../Core/Src/menu.c:2526:6:menu_prg_AdvTempCtrl_STG4_SetDur_run	24	static
../Core/Src/menu.c:2576:6:menu_prg_AdvTempCtrl_STG4_SetReset_run	24	static
../Core/Src/menu.c:2673:6:menu_prg_AdvTempCtrl_STG5_run	24	static
../Core/Src/menu.c:2874:6:menu_prg_AdvTempCtrl_STG5_SetTemp_run	24	static
../Core/Src/menu.c:2921:6:menu_prg_AdvTempCtrl_STG5_SetDur_run	24	static
../Core/Src/menu.c:2971:6:menu_prg_AdvTempCtrl_STG5_SetReset_run	24	static
../Core/Src/menu.c:3068:6:menu_prg_AdvTempCtrl_STG6_run	24	static
../Core/Src/menu.c:3269:6:menu_prg_AdvTempCtrl_STG6_SetTemp_run	24	static
../Core/Src/menu.c:3316:6:menu_prg_AdvTempCtrl_STG6_SetDur_run	24	static
../Core/Src/menu.c:3366:6:menu_prg_AdvTempCtrl_STG6_SetReset_run	24	static
../Core/Src/menu.c:3463:6:menu_prg_AdvTempCtrl_RisingTimes_run	40	static
../Core/Src/menu.c:3680:6:menu_prg_AdvTempCtrl_RisingTimes_st1_run	32	static
../Core/Src/menu.c:3774:6:menu_prg_AdvTempCtrl_RisingTimes_st2_run	32	static
../Core/Src/menu.c:3868:6:menu_prg_AdvTempCtrl_RisingTimes_st3_run	32	static
../Core/Src/menu.c:3963:6:menu_prg_AdvTempCtrl_RisingTimes_st4_run	32	static
../Core/Src/menu.c:4058:6:menu_prg_AdvTempCtrl_RisingTimes_st5_run	32	static
../Core/Src/menu.c:4153:6:menu_prg_AdvTempCtrl_RisingTimes_st6_run	32	static
../Core/Src/menu.c:4248:6:menu_home_run	24	static
